// Jest Snapshot v1, https://goo.gl/fbAQLP

exports[`Space core/component Check snapshot 1`] = `
<View
  style={
    [
      {
        "flex": 1,
      },
      {},
    ]
  }
/>
`;
