// Jest Snapshot v1, https://goo.gl/fbAQLP

exports[`Separator core/component Check snapshot 1`] = `
<View
  style={
    {
      "height": 20,
      "width": 20,
    }
  }
  testID="separator"
/>
`;
