// Jest Snapshot v1, https://goo.gl/fbAQLP

exports[`PageFooter core/component Check snapshot 1`] = `
<View
  style={
    {
      "flexDirection": "row",
      "paddingHorizontal": 20,
      "paddingVertical": 20,
      "width": "100%",
    }
  }
>
  <View
    accessible={true}
    collapsable={false}
    focusable={true}
    onClick={[Function]}
    onResponderGrant={[Function]}
    onResponderMove={[Function]}
    onResponderRelease={[Function]}
    onResponderTerminate={[Function]}
    onResponderTerminationRequest={[Function]}
    onStartShouldSetResponder={[Function]}
    style={
      {
        "alignItems": "center",
        "backgroundColor": "#334FFA",
        "borderRadius": 10,
        "flex": 1,
        "height": 50,
        "justifyContent": "center",
        "opacity": 1,
      }
    }
  >
    <Text
      style={
        {
          "color": "#FFFFFF",
          "fontSize": 12,
          "fontWeight": "800",
          "lineHeight": 16,
        }
      }
      testID="text-button"
    >
      Hello Page Footer
    </Text>
  </View>
</View>
`;
