// Jest Snapshot v1, https://goo.gl/fbAQLP

exports[`<WelcomeUser /> features/component Check snapshot 1`] = `
<View
  style={{}}
>
  <Text
    style={
      {
        "color": "#000000",
        "fontSize": 20,
        "fontWeight": "800",
        "lineHeight": 27.32,
      }
    }
  >
    Bienvenido de vuelta!
  </Text>
  <Text
    style={
      {
        "color": "#000000",
        "fontSize": 16,
        "fontWeight": "400",
        "lineHeight": 21.86,
      }
    }
  >
    Ruben
     
    Rodriguez
  </Text>
</View>
`;
