// Jest Snapshot v1, https://goo.gl/fbAQLP

exports[`ListHeader core/component Check snapshot 1`] = `
<View
  style={
    {
      "marginBottom": 10,
      "paddingVertical": 10,
      "width": "100%",
    }
  }
>
  <Text
    style={
      {
        "color": "#9B9898",
        "fontSize": 14,
        "fontWeight": "800",
        "lineHeight": 19.12,
        "textTransform": "uppercase",
      }
    }
    testID="text-element"
  >
    Hello List
  </Text>
</View>
`;
